-bash-4.2$ pwd
/home/centos

-bash-4.2$ ls
lab1-practice

-bash-4.2$ ls -l
total 4
drwxr-xr-x. 6 centos centos 4096 Feb 23 14:00 lab1-practice

-bash-4.2$ cd /

-bash-4.2$ ls
bin   dev  home  lib64  mnt  proc  run   srv  tmp  var
boot  etc  lib   media  opt  root  sbin  sys  usr

-bash-4.2$ cd /home

-bash-4.2$ ls -l
total 4
drwx------. 3 centos centos 82 Feb 23 13:55 centos

-bash-4.2$ cd ~

-bash-4.2$ pwd
/home/centos

-bash-4.2$ cd ..

-bash-4.2$ pwd
/home

-bash-4.2$ cd -
/home/centos

-bash-4.2$ ls
lab1-practice

-bash-4.2$ cd Documents 2>/dev/null || echo "Documents directory doesn't exist yet"
Documents directory doesn't exist yet

-bash-4.2$ cd ~

-bash-4.2$ find . -type f
./.bash_logout
./.bash_profile
./.bashrc
./.bash_history
./lab1-practice/welcome.txt
./lab1-practice/system-info.txt
./lab1-practice/file-listing.txt
./lab1-practice/numbers.txt
./lab1-practice/sorted-numbers.txt
./lab1-practice/output.txt
./lab1-practice/error.txt
./lab1-practice/combined.txt
./lab1-practice/directory-listing.txt
./lab1-practice/documents/readme.txt
./lab1-practice/documents/welcome.txt
./lab1-practice/scripts/hello-world.sh
./lab1-practice/scripts/system-report.sh
./lab1-practice/scripts/user-info.sh
./lab1-practice/scripts/file-manager.sh
./lab1-practice/scripts/Ali-info.txt
./lab1-practice/scripts/backup-20260223/Ali-info.txt

-bash-4.2$ find . -type d
.
./lab1-practice
./lab1-practice/scripts
./lab1-practice/scripts/backup-20260223
./lab1-practice/documents
./lab1-practice/backups
./lab1-practice/projects
./lab1-practice/projects/web
./lab1-practice/projects/web/html
./lab1-practice/projects/web/css

-bash-4.2$ find /etc -name "*.conf" -type f 2>/dev/null | head -10
/etc/yum.conf
/etc/dracut.conf
/etc/rsyslog.conf
/etc/krb5.conf
/etc/chrony.conf
/etc/sudo.conf
/etc/pam.conf
/etc/libuser.conf
/etc/man_db.conf
/etc/request-key.conf

-bash-4.2$ mkdir lab2_practice

-bash-4.2$ ls -l
total 8
drwxr-xr-x. 6 centos centos 4096 Feb 23 14:00 lab1-practice
drwxr-xr-x. 2 centos centos    6 Feb 23 14:12 lab2_practice

-bash-4.2$ mkdir projects documents scripts

-bash-4.2$ mkdir -p lab2_practice/level1/level2/level3

-bash-4.2$ ls -R lab2_practice
lab2_practice:
level1

lab2_practice/level1:
level2

lab2_practice/level1/level2:
level3

lab2_practice/level1/level2/level3:

-bash-4.2$ cd lab2_practice

-bash-4.2$ pwd
/home/centos/lab2_practice

-bash-4.2$ ls -l
total 12
-rw-r--r--. 1 centos centos   0 Feb 23 14:13 file1.txt
-rw-r--r--. 1 centos centos   0 Feb 23 14:13 file2.txt
-rw-r--r--. 1 centos centos   0 Feb 23 14:13 file3.txt
drwxr-xr-x. 3 centos centos  19 Feb 23 14:12 level1
-rw-r--r--. 1 centos centos 118 Feb 23 14:13 myinfo.txt
-rw-r--r--. 1 centos centos   0 Feb 23 14:13 readme.txt
-rw-r--r--. 1 centos centos  27 Feb 23 14:13 welcome.txt

-bash-4.2$ find . -type f
./readme.txt
./welcome.txt
./myinfo.txt
./level1/file1.txt
./level1/level2/file2.txt
./level1/level2/file3.txt
./level1/level2/level3/welcome.txt

-bash-4.2$ ls -l permissions_test.txt
-rw-r--r--. 1 centos centos 21 Feb 23 14:15 permissions_test.txt

-bash-4.2$ stat -c "%a %n" permissions_test.txt
644 permissions_test.txt

-bash-4.2$ ls -l permissions_test.txt
-rwxr-x--. 1 centos centos 21 Feb 23 14:15 permissions_test.txt

-bash-4.2$ ls -ld permission_test_dir
drwxr-xr-x. 2 centos centos 6 Feb 23 14:16 permission_test_dir

-bash-4.2$ ls permission_test_dir
ls: cannot open directory permission_test_dir: Permission denied

-bash-4.2$ ls permission_test_dir
test_file.txt

-bash-4.2$ ls -l myscript.sh
-rw-r--r--. 1 centos centos 105 Feb 23 14:17 myscript.sh

-bash-4.2$ ./myscript.sh
-bash: ./myscript.sh: Permission denied

-bash-4.2$ ./myscript.sh
Hello from my script!
Current directory: /home/centos/lab2_practice
Current user: centos

-bash-4.2$ ls -la
total 20
drwxr-xr-x. 4 centos centos  166 Feb 23 14:17 .
drwx------. 6 centos centos  141 Feb 23 14:12 ..
drwxr-xr-x. 3 centos centos   34 Feb 23 14:14 level1
-rw-r--r--. 1 centos centos  118 Feb 23 14:13 myinfo.txt
-rwxr-xr-x. 1 centos centos  105 Feb 23 14:17 myscript.sh
drwxr-xr-x. 2 centos centos   27 Feb 23 14:16 permission_test_dir
-rwxr-x--. 1 centos centos   21 Feb 23 14:15 permissions_test.txt
-rw-r--r--. 1 centos centos    0 Feb 23 14:13 readme.txt
-rw-r--r--. 1 centos centos   27 Feb 23 14:13 welcome.txt

-bash-4.2$ tree . 2>/dev/null || find . -type d
.
./level1
./level1/level2
./level1/level2/level3
./permission_test_dir

-bash-4.2$ stat -c "%a %n" permissions_test.txt
750 permissions_test.txt
